// Jest Snapshot v1, https://goo.gl/fbAQLP

exports[`utils / metrics / getMetricRunInfo should return the info 1`] = `
{
  "info": {
    "delta": 1000,
    "deltaPercentage": 10,
    "deltaType": "NEGATIVE",
    "displayDelta": "+1000",
    "displayDeltaPercentage": "+10%",
    "displayValue": "11000",
    "value": 11000,
  },
  "infoWithOverlyPositiveDelta": {
    "delta": -6000,
    "deltaPercentage": -60,
    "deltaType": "HIGH_POSITIVE",
    "displayDelta": "-6000",
    "displayDeltaPercentage": "-60%",
    "displayValue": "4000",
    "value": 4000,
  },
  "infoWithSlightlyNegativeDelta": {
    "delta": 1,
    "deltaPercentage": 0.01,
    "deltaType": "LOW_NEGATIVE",
    "displayDelta": "+1",
    "displayDeltaPercentage": "+0.01%",
    "displayValue": "10001",
    "value": 10001,
  },
  "infoWithoutBaseline": {
    "displayValue": "10000",
    "value": 10000,
  },
}
`;
